[dotenv@17.3.1] injecting env (10) from .env.local -- tip: ⚙️  write to custom object with { processEnv: myObject }
Total: 233 | Ya procesados: 13 | Pendientes: 220
────────────────────────────────────────────────────────────
[1/220] Autentiko French Takos                   ✓ 29 platos (0s transcurridos, ETA ~?s)
[2/220] Bar El Bajo                              — sin platos
[3/220] Barbaros Resto Bar                       ✓ 126 platos (40s transcurridos, ETA ~4360s)
[4/220] Barra Olivo                              ✓ 9 platos (158s transcurridos, ETA ~11429s)
[5/220] Barrakuda                                ✓ 6 platos (171s transcurridos, ETA ~9234s)
[6/220] Beer house Atacama                       ✓ 116 platos (181s transcurridos, ETA ~7783s)
[7/220] Bella Ciao                               ✓ 8 platos (296s transcurridos, ETA ~10557s)
[8/220] Bigbros                                  ✓ 11 platos (311s transcurridos, ETA ~9463s)
[9/220] BOBIBOBI Innovación del té               — sin platos
[10/220] Búfalo Blanco Restaurante                ✓ 52 platos (328s transcurridos, ETA ~7690s)
[11/220] Burgers and meat                         ✓ 46 platos (383s transcurridos, ETA ~8043s)
[12/220] Café Estación                            — sin platos
[13/220] Café Raíz                                ✓ 8 platos (431s transcurridos, ETA ~7471s)
[14/220] Caléndula – Restaurante Peruano, Brunch  ✓ 20 platos (445s transcurridos, ETA ~7086s)
[15/220] Caleta La Reina Providencia              ✓ 26 platos (476s transcurridos, ETA ~7004s)
[16/220] Camorra Pizzería Napoletana              ✓ 93 platos (512s transcurridos, ETA ~6997s)
[17/220] Carlos                                   ✓ 8 platos (604s transcurridos, ETA ~7701s)
[18/220] Casa de campo San clemente               ✓ 1 platos (616s transcurridos, ETA ~7356s)
[19/220] Castillo Forestal                        — sin platos
[20/220] Central_inca                             ✓ 13 platos (622s transcurridos, ETA ~6580s)
[21/220] Ceviche a lo Tigre                       ✓ 1 platos (644s transcurridos, ETA ~6440s)
[22/220] Cevichería jireh                         ✓ 4 platos (650s transcurridos, ETA ~6160s)
[23/220] Chamo                                    ✓ 38 platos (658s transcurridos, ETA ~5922s)
[24/220] Chilmex                                  ✓ 49 platos (705s transcurridos, ETA ~6038s)
[25/220] Chilmex Barrio Italia                    ✓ 49 platos (760s transcurridos, ETA ~6207s)
[26/220] China Expedición                         ✓ 9 platos (811s transcurridos, ETA ~6326s)
[27/220] China Fook                               ✓ 7 platos (824s transcurridos, ETA ~6148s)
[28/220] Coco's Pizza                             ✓ 42 platos (836s transcurridos, ETA ~5976s)
[29/220] Come Sano Ensaladas y Más                ✓ 16 platos (881s transcurridos, ETA ~6041s)
[30/220] Comida China & Sushi "MEI YING"          ✓ 65 platos (906s transcurridos, ETA ~5967s)
[31/220] Comida China, Comida feliz               ✓ 12 platos (969s transcurridos, ETA ~6137s)
[32/220] Con Agallas                              ✓ 15 platos (988s transcurridos, ETA ~6024s)
[33/220] CQ Sushi & Sandwich                      ✓ 59 platos (1010s transcurridos, ETA ~5934s)
[34/220] D'Caracaspizza                           ✓ 31 platos (1069s transcurridos, ETA ~6058s)
[35/220] Dark Kitchen Factory                     — sin platos
[36/220] Delicias Al Paso                         ✓ 10 platos (1108s transcurridos, ETA ~5857s)
[37/220] Delirio                                  ✓ 20 platos (1123s transcurridos, ETA ~5740s)
[38/220] Delisosa Bistro                          ✓ 5 platos (1151s transcurridos, ETA ~5693s)
[39/220] Dinos Roll                               ✓ 3 platos (1160s transcurridos, ETA ~5556s)
[40/220] Donde la Maite                           ✓ 12 platos (1168s transcurridos, ETA ~5421s)
[41/220] Donde la ñoña                            ✓ 80 platos (1184s transcurridos, ETA ~5328s)
[42/220] Donde La Nonita SPA                      ✓ 21 platos (1266s transcurridos, ETA ~5527s)
[43/220] Dubliness café                           ✓ 56 platos (1300s transcurridos, ETA ~5510s)
[44/220] El Bravazzo Golf                         ✓ 81 platos (1358s transcurridos, ETA ~5590s)
[45/220] El Inglés                                ✓ 126 platos (1449s transcurridos, ETA ~5796s)
[46/220] El Parron De Pomaire                     ✓ 127 platos (1573s transcurridos, ETA ~6117s)
[47/220] El Reloj                                 ✓ 32 platos (1673s transcurridos, ETA ~6328s)
[48/220] El Tumbaito                              ✓ 13 platos (1717s transcurridos, ETA ~6320s)
[49/220] El Zocalo                                ✓ 33 platos (1734s transcurridos, ETA ~6214s)
[50/220] Elements                                 ✓ 19 platos (1782s transcurridos, ETA ~6219s)
[51/220] Embarcadero 41                           ✓ 5 platos (1806s transcurridos, ETA ~6140s)
[52/220] Empanadazo                               ✓ 38 platos (1815s transcurridos, ETA ~6014s)
[53/220] Encanti                                  ✓ 204 platos (1860s transcurridos, ETA ~6009s)
[54/220] Entregradosrestobar                      ✓ 15 platos (2038s transcurridos, ETA ~6422s)
[55/220] Factory Nine Chicureo                    ✓ 116 platos (2062s transcurridos, ETA ~6339s)
[56/220] Farina Empanadas                         ✓ 50 platos (2153s transcurridos, ETA ~6459s)
[57/220] Fiero Açaí - Wellness Social Club        ✓ 20 platos (2209s transcurridos, ETA ~6469s)
[58/220] Fiol Dulceria                            ✓ 34 platos (2240s transcurridos, ETA ~6406s)
[59/220] Foodtruck San martin                     ✓ 13 platos (2280s transcurridos, ETA ~6368s)
[60/220] Forty four deli                          ✓ 24 platos (2301s transcurridos, ETA ~6279s)
[61/220] Fuente Sureña                            ✓ 41 platos (2333s transcurridos, ETA ~6221s)
[62/220] Fuku Restaurante de Comida Coreana       ✓ 40 platos (2377s transcurridos, ETA ~6196s)
[63/220] Gaby's Sushi                             ✓ 40 platos (2423s transcurridos, ETA ~6175s)
[64/220] Gaman Asian Food                         ✓ 27 platos (2470s transcurridos, ETA ~6155s)
[65/220] Gaman Combi                              ✓ 19 platos (2512s transcurridos, ETA ~6123s)
[66/220] Gelateria Firenze                        ✓ 41 platos (2544s transcurridos, ETA ~6066s)
[67/220] Goods Waffles                            ✓ 13 platos (2580s transcurridos, ETA ~6020s)
[68/220] Guffsushi  nikkei gluten free            ✓ 99 platos (2598s transcurridos, ETA ~5933s)
[69/220] Hand Roll                                ✓ 131 platos (2701s transcurridos, ETA ~6038s)
[70/220] Heladería Italia 1609 Café & Crêpe       ✓ 231 platos (2825s transcurridos, ETA ~6182s)
[71/220] Horus Vegan                              ✓ 28 platos (3040s transcurridos, ETA ~6514s)
[72/220] Immortal_food_                           ✓ 15 platos (3080s transcurridos, ETA ~6464s)
[73/220] Imperium Restobar                        ✓ 126 platos (3101s transcurridos, ETA ~6374s)
[74/220] Insert Coin Bar                          ✓ 55 platos (3219s transcurridos, ETA ~6482s)
[75/220] INTBURGER                                ✓ 65 platos (3275s transcurridos, ETA ~6461s)
[76/220] Itoko sushi                              ✓ 26 platos (3340s transcurridos, ETA ~6457s)
[77/220] Jenni's Fer sushi delivery               ✓ 98 platos (3379s transcurridos, ETA ~6402s)
[78/220] Johnny Rockets Fantasilandia             ✓ 126 platos (3476s transcurridos, ETA ~6455s)
[79/220] Juan                                     ✓ 15 platos (3595s transcurridos, ETA ~6545s)
[80/220] Juana la Brava                           ✓ 120 platos (3620s transcurridos, ETA ~6461s)
[81/220] Kantu                                    ✓ 21 platos (3728s transcurridos, ETA ~6524s)
[82/220] Katako                                   ✓ 98 platos (3762s transcurridos, ETA ~6456s)
[83/220] Kokai Sushi                              ✓ 117 platos (3856s transcurridos, ETA ~6489s)
[84/220] Koychi Korean Street Food                ✓ 86 platos (3963s transcurridos, ETA ~6541s)
[85/220] KrossBar BordeRío                        ✓ 30 platos (4053s transcurridos, ETA ~6562s)
[86/220] Krua Thai                                ✓ 24 platos (4103s transcurridos, ETA ~6517s)
[87/220] Kunstmann                                ✓ 49 platos (4140s transcurridos, ETA ~6451s)
[88/220] La Argenta                               ✓ 14 platos (4196s transcurridos, ETA ~6415s)
[89/220] La barra del sandwich                    ✓ 47 platos (4213s transcurridos, ETA ~6320s)
[90/220] La Carreta de Antonio                    ✓ 136 platos (4265s transcurridos, ETA ~6278s)
[91/220] La Casa del Chef                         — sin platos
[92/220] La Diabla Restobar                       ✓ 15 platos (4390s transcurridos, ETA ~6223s)
[93/220] La Diana Restaurante                     ✓ 126 platos (4407s transcurridos, ETA ~6131s)
[94/220] La Fonda Paisa Restaurante               ✓ 63 platos (4529s transcurridos, ETA ~6185s)
[95/220] La Foresta                               ✓ 100 platos (4601s transcurridos, ETA ~6167s)
[96/220] La Local Pizza                           ✓ 11 platos (4700s transcurridos, ETA ~6184s)
[97/220] La Mom by Raval                          ✓ 50 platos (4715s transcurridos, ETA ~6090s)
[98/220] La Pica del Mariano                      ✓ 15 platos (4761s transcurridos, ETA ~6037s)
[99/220] La picada del Pa Vito                    ✓ 9 platos (4783s transcurridos, ETA ~5954s)
[100/220] La Playera Empanadas                     ✓ 47 platos (4800s transcurridos, ETA ~5867s)
[101/220] La Vaquita Echá                          ✓ 138 platos (4847s transcurridos, ETA ~5816s)
[102/220] La Ventanita                             ✓ 3 platos (4960s transcurridos, ETA ~5844s)
[103/220] Le Bistrot Lastarria                     ✓ 126 platos (4967s transcurridos, ETA ~5746s)
[104/220] Lila Restaurante                         ✓ 21 platos (5095s transcurridos, ETA ~5788s)
[105/220] Long An - Comida China                   ✓ 95 platos (5125s transcurridos, ETA ~5716s)
[106/220] Lontano Pizzeria                         ✓ 44 platos (5220s transcurridos, ETA ~5717s)
[107/220] Los Fabulosos                            ✓ 82 platos (5267s transcurridos, ETA ~5665s)
[108/220] Los Tios                                 ✓ 20 platos (5360s transcurridos, ETA ~5661s)
[109/220] Lucky House (Huechuraba)                 ✓ 129 platos (5396s transcurridos, ETA ~5596s)
[110/220] Madara sushi                             ✓ 9 platos (5508s transcurridos, ETA ~5609s)
[111/220] Magnolia Delicia                         ✓ 36 platos (5522s transcurridos, ETA ~5522s)
[112/220] Magnolia Sushi                           ✓ 63 platos (5564s transcurridos, ETA ~5464s)
[113/220] Maranatha                                ✓ 19 platos (5630s transcurridos, ETA ~5429s)
[114/220] Marasushi                                ✓ 27 platos (5659s transcurridos, ETA ~5359s)
[115/220] Marina, Mar de Tapas                     ✓ 25 platos (5695s transcurridos, ETA ~5295s)
[116/220] Maxipizza                                ✓ 2 platos (5730s transcurridos, ETA ~5232s)
[117/220] Mechas Con Tutti                         ✓ 2 platos (5735s transcurridos, ETA ~5142s)
[118/220] Megumi Sushi                             ✓ 108 platos (5745s transcurridos, ETA ~5058s)
[119/220] Mei Hua                                  ✓ 10 platos (5851s transcurridos, ETA ~5058s)
[120/220] Mendoza Burgers                          ✓ 33 platos (5867s transcurridos, ETA ~4980s)
[121/220] Meru Sushi Peñalolen                     ✓ 117 platos (5912s transcurridos, ETA ~4927s)
[122/220] Mexicana Restorán                        ✓ 23 platos (6019s transcurridos, ETA ~4925s)
[123/220] Mia Taqueria                             ✓ 1 platos (6051s transcurridos, ETA ~4861s)
[124/220] Mister Poncho                            ✓ 85 platos (6056s transcurridos, ETA ~4776s)
[125/220] Mokasoul                                 ✓ 31 platos (6146s transcurridos, ETA ~4758s)
[126/220] More Sushi                               ✓ 139 platos (6194s transcurridos, ETA ~4707s)
[127/220] Movistar Arena                           ✓ 6 platos (6335s transcurridos, ETA ~4726s)
[128/220] Mr. Sabroso Restaurant                   ✓ 33 platos (6344s transcurridos, ETA ~4646s)
[129/220] Nana´s Fruit                             ✓ 72 platos (6394s transcurridos, ETA ~4596s)
[130/220] Nascosto Pizzeria                        ✓ 28 platos (6461s transcurridos, ETA ~4558s)
[131/220] Nokona                                   ✓ 175 platos (6498s transcurridos, ETA ~4499s)
[132/220] Nowa´s Cantina                           ✓ 126 platos (6657s transcurridos, ETA ~4523s)
[133/220] Nutririco                                ✓ 14 platos (6775s transcurridos, ETA ~4517s)
[134/220] Oakberry Açai                            ✓ 20 platos (6792s transcurridos, ETA ~4443s)
[135/220] Oasis restaurante                        ✓ 97 platos (6817s transcurridos, ETA ~4375s)
[136/220] OCEANIKA SUSHI II                        ✓ 179 platos (6919s transcurridos, ETA ~4356s)
[137/220] Oh My Chicken Pollos a las Brasas        ✓ 15 platos (7087s transcurridos, ETA ~4377s)
[138/220] One Pizza & Beer                         ✓ 93 platos (7109s transcurridos, ETA ~4307s)
[139/220] Pakary                                   ✓ 8 platos (7205s transcurridos, ETA ~4281s)
[140/220] Pasta & Pizza                            ✓ 106 platos (7219s transcurridos, ETA ~4207s)
[141/220] Pasteleria Patty Cariño                  ✓ 34 platos (7323s transcurridos, ETA ~4185s)
[142/220] Paulista Pizzeria                        ✓ 5 platos (7362s transcurridos, ETA ~4125s)
[143/220] Petit Bernard                            ✓ 126 platos (7371s transcurridos, ETA ~4049s)
[144/220] Piccola Italia Plaza ñuñoa               — sin platos
[145/220] Pizza La Piedra                          ✓ 25 platos (7496s transcurridos, ETA ~3956s)
[146/220] PizzaPizza                               ✓ 73 platos (7528s transcurridos, ETA ~3894s)
[147/220] Pizzería Copenhague                      ✓ 74 platos (7595s transcurridos, ETA ~3850s)
[148/220] Pizzería Lazzaroni                       ✓ 1 platos (7662s transcurridos, ETA ~3805s)
[149/220] Pollizonte                               ✓ 4 platos (7666s transcurridos, ETA ~3729s)
[150/220] Pollos asados Ely                        ✓ 22 platos (7675s transcurridos, ETA ~3657s)
[151/220] Pollos En Llamas                         ✓ 32 platos (7702s transcurridos, ETA ~3594s)
[152/220] Poutine Burger                           ✓ 72 platos (7745s transcurridos, ETA ~3539s)
[153/220] Protein gains                            ✓ 90 platos (7815s transcurridos, ETA ~3496s)
[154/220] Puelo Specialty Coffee Bar               ✓ 55 platos (7910s transcurridos, ETA ~3464s)
[155/220] Raíces Bar                               — sin platos
[156/220] Raíces Nativas                           ✓ 126 platos (7970s transcurridos, ETA ~3342s)
[157/220] Raisu                                    ✓ 32 platos (8088s transcurridos, ETA ~3318s)
[158/220] Rakai Sushi                              ✓ 50 platos (8137s transcurridos, ETA ~3265s)
[159/220] Ramen Kintaro                            ✓ 46 platos (8190s transcurridos, ETA ~3214s)
[160/220] Ramen Ryoma Barrio Italia                ✓ 25 platos (8242s transcurridos, ETA ~3162s)
[161/220] Restaurant "El Rincón de Joaquín"        ✓ 126 platos (8278s transcurridos, ETA ~3104s)
[162/220] Restaurant BADA                          ✓ 13 platos (8410s transcurridos, ETA ~3082s)
[163/220] Restaurant Casa China                    ✓ 58 platos (8430s transcurridos, ETA ~3018s)
[164/220] Restaurant Chilenazo La Florida          ✓ 15 platos (8482s transcurridos, ETA ~2966s)
[165/220] Restaurant Wang Jiao                     ✓ 21 platos (8505s transcurridos, ETA ~2904s)
[166/220] Restaurant Xing Xing                     ✓ 12 platos (8533s transcurridos, ETA ~2844s)
[167/220] Restaurante El Quijote                   ✓ 5 platos (8550s transcurridos, ETA ~2781s)
[168/220] Restaurante El Sabrosón - Comida Peruana ✓ 37 platos (8560s transcurridos, ETA ~2717s)
[169/220] Restaurante Fook Lam                     ✓ 5 platos (8608s transcurridos, ETA ~2664s)
[170/220] Restaurante Noriko sushi & roll          ✓ 83 platos (8618s transcurridos, ETA ~2601s)
[171/220] Restobar la picada de Any                ✓ 15 platos (8703s transcurridos, ETA ~2560s)
[172/220] Rincón Jules Cafetería                   ✓ 53 platos (8725s transcurridos, ETA ~2500s)
[173/220] Ristorante y Trattoria Da Noi            ✓ 49 platos (8776s transcurridos, ETA ~2449s)
[174/220] Rocoto Cusqueño - Gastronomía Peruana Ve ✓ 17 platos (8824s transcurridos, ETA ~2397s)
[175/220] Romaría Pizzería                         ✓ 67 platos (8850s transcurridos, ETA ~2340s)
[176/220] Rubikon Sushi Nikkei                     ✓ 61 platos (8912s transcurridos, ETA ~2292s)
[177/220] Rustik Coffee                            ✓ 84 platos (8971s transcurridos, ETA ~2243s)
[178/220] Sandwichería Milly Mar                   ✓ 38 platos (9050s transcurridos, ETA ~2199s)
[179/220] SANGUCHARIA RESTORANTE KAO BOGATI        ✓ 21 platos (9099s transcurridos, ETA ~2147s)
[180/220] Santiago Speaks Café                     ✓ 126 platos (9128s transcurridos, ETA ~2091s)
[181/220] Segreta Pizzeria                         ✓ 5 platos (9256s transcurridos, ETA ~2057s)
[182/220] Sensei del sushi                         ✓ 15 platos (9271s transcurridos, ETA ~1998s)
[183/220] Shaka Burger                             ✓ 30 platos (9293s transcurridos, ETA ~1940s)
[184/220] Sierra                                   ✓ 23 platos (9339s transcurridos, ETA ~1888s)
[185/220] Socios de la Pizza                       ✓ 92 platos (9372s transcurridos, ETA ~1834s)
[186/220] Sota Sushi & Group                       ✓ 21 platos (9465s transcurridos, ETA ~1791s)
[187/220] Streat Burger | Chicureo                 ✓ 77 platos (9493s transcurridos, ETA ~1735s)
[188/220] Streat Burger | Salvador                 ✓ 83 platos (9569s transcurridos, ETA ~1689s)
[189/220] Sushi Bless                              ✓ 165 platos (9650s transcurridos, ETA ~1643s)
[190/220] Sushi Hoy Ñuñoa                          ✓ 60 platos (9807s transcurridos, ETA ~1609s)
[191/220] Sushi La Reina                           ✓ 18 platos (9861s transcurridos, ETA ~1557s)
[192/220] Sushi Mimi                               ✓ 79 platos (9895s transcurridos, ETA ~1502s)
[193/220] Sushi Rolls and Beef                     ✓ 39 platos (9972s transcurridos, ETA ~1454s)
[194/220] Sushi rolls liam                         ✓ 94 platos (10022s transcurridos, ETA ~1402s)
[195/220] Sushi Royle                              ✓ 123 platos (10125s transcurridos, ETA ~1357s)
[196/220] Sushi Soon                               ✓ 17 platos (10243s transcurridos, ETA ~1313s)
[197/220] Sushinikkei17                            ✓ 93 platos (10269s transcurridos, ETA ~1257s)
[198/220] Sweet & Salty                            ✓ 101 platos (10352s transcurridos, ETA ~1209s)
[199/220] Taranta Chicureo                         ✓ 126 platos (10458s transcurridos, ETA ~1162s)
[200/220] Tatsu Ramen & Sushi                      ✓ 117 platos (10578s transcurridos, ETA ~1116s)
[201/220] TAZZA GELATERIA & BRUNCH                 ✓ 14 platos (10682s transcurridos, ETA ~1068s)
[202/220] TENSHI FOOD sushi delivery               ✓ 147 platos (10704s transcurridos, ETA ~1012s)
[203/220] Terráqueo                                ✓ 82 platos (10852s transcurridos, ETA ~967s)
[204/220] Terraza Alameda                          ✓ 73 platos (10932s transcurridos, ETA ~915s)
[205/220] The Loft                                 ✓ 145 platos (11011s transcurridos, ETA ~864s)
[206/220] The Singular Restaurant                  — sin platos
[207/220] Tío Tomate Barrio Italia                 ✓ 68 platos (11132s transcurridos, ETA ~757s)
[208/220] Toast Crew                               ✓ 14 platos (11200s transcurridos, ETA ~703s)
[209/220] Tramonto Bar & Terrace                   ✓ 5 platos (11222s transcurridos, ETA ~647s)
[210/220] Tricahue                                 ✓ 15 platos (11231s transcurridos, ETA ~591s)
[211/220] Vegan Bunker                             ✓ 15 platos (11253s transcurridos, ETA ~536s)
[212/220] Vegan Mobile Pizza La Florida            ✓ 34 platos (11278s transcurridos, ETA ~481s)
[213/220] Vida Boa                                 ✓ 59 platos (11321s transcurridos, ETA ~427s)
[214/220] Waffles Belgas chicureo                  ✓ 45 platos (11374s transcurridos, ETA ~374s)
[215/220] Wena Pizza                               ✓ 21 platos (11418s transcurridos, ETA ~320s)
[216/220] Winnipeg Restomar - Paellas, pescados y  ✓ 8 platos (11448s transcurridos, ETA ~266s)
[217/220] Youseppe                                 ✓ 55 platos (11461s transcurridos, ETA ~212s)
[218/220] Yume sushi & cevicheria                  ✓ 23 platos (11510s transcurridos, ETA ~159s)
[219/220] Zetas Pizzeria                           ✓ 11 platos (11541s transcurridos, ETA ~106s)
[220/220] Zokai sushi & ceviche                    ✓ 60 platos (11557s transcurridos, ETA ~53s)

────────────────────────────────────────────────────────────
✓ 211 ok | 9 sin platos | 0 errores | 11611s total
